// Jest Snapshot v1, https://goo.gl/fbAQLP

exports[`<Searchbar /> should match snapshot 1`] = `
<body>
  <div>
    <div
      class="input"
    >
      <input
        autofocus=""
        maxlength="70"
        placeholder="Search your gitmoji..."
        type="text"
      />
       
      <kbd>
        Ctrl K
      </kbd>
    </div>
  </div>
  <div>
    <div
      class="input"
    >
      <input
        autofocus=""
        maxlength="70"
        placeholder="Search your gitmoji..."
        type="text"
      />
       
      <kbd>
        Ctrl K
      </kbd>
    </div>
  </div>
</body>
`;
