// Jest Snapshot v1, https://goo.gl/fbAQLP

exports[`<Searchbar /> should match snapshot 1`] = `
<body>
  <div>
    <input
      autofocus=""
      maxlength="70"
      placeholder="Search your gitmoji..."
      type="text"
    />
  </div>
  <div>
    <input
      autofocus=""
      maxlength="70"
      placeholder="Search your gitmoji..."
      type="text"
    />
  </div>
</body>
`;
